// Jest Snapshot v1, https://goo.gl/fbAQLP

exports[`default-options default-options 1`] = `
Object {
  "binding": true,
  "classes": Array [],
  "disabled": false,
  "disabledDate": null,
  "format": "yyyy/MM/dd",
  "insertTo": "body",
  "offset": 12,
  "placeholder": "",
  "placement": "bottom",
  "rangeBgColor": "",
  "style": Object {},
  "tdColor": "",
  "thColor": "",
  "themeColor": "",
  "type": "date",
  "unlinkPanels": false,
  "zIndex": 2000,
}
`;
